"Either"
"foo"
"foo"
Just "Data.Either"
Nothing
Just "Module"
Just "ghc-base"
Nothing
Nothing
