type ghc-base-4.18.0.0:GHC.Base.MonadPlus :: (* -> *) -> Constraint
class (ghc-base-4.18.0.0:GHC.Base.Alternative m,
       ghc-base-4.18.0.0:GHC.Base.Monad m) =>
      ghc-base-4.18.0.0:GHC.Base.MonadPlus m where
  ...
  mplus :: m a -> m a -> m a
type ghc-base-4.18.0.0:GHC.Base.MonadPlus :: (* -> *) -> Constraint
class (ghc-base-4.18.0.0:GHC.Base.Alternative m,
       ghc-base-4.18.0.0:GHC.Base.Monad m) =>
      ghc-base-4.18.0.0:GHC.Base.MonadPlus m where
  ...
  Control.Monad.mplus :: m a -> m a -> m a
