type List :: * -> *
data List a = [] | a : [a]
  	-- Defined in ‘GHC.Types’
instance Monoid [a] -- Defined in ‘ghc-base-4.18.0.0:GHC.Base’
instance Semigroup [a] -- Defined in ‘ghc-base-4.18.0.0:GHC.Base’
instance Foldable [] -- Defined in ‘Data.Foldable’
instance Traversable [] -- Defined in ‘Data.Traversable’
instance Read a => Read [a] -- Defined in ‘GHC.Read’
instance Show a => Show [a] -- Defined in ‘GHC.Show’
instance Applicative [] -- Defined in ‘ghc-base-4.18.0.0:GHC.Base’
instance Functor [] -- Defined in ‘ghc-base-4.18.0.0:GHC.Base’
instance MonadFail [] -- Defined in ‘Control.Monad.Fail’
instance Monad [] -- Defined in ‘ghc-base-4.18.0.0:GHC.Base’
instance Eq a => Eq [a] -- Defined in ‘GHC.Classes’
instance Ord a => Ord [a] -- Defined in ‘GHC.Classes’
type () :: *
data () = ()
  	-- Defined in ‘GHC.Tuple.Prim’
instance Monoid () -- Defined in ‘ghc-base-4.18.0.0:GHC.Base’
instance Semigroup () -- Defined in ‘ghc-base-4.18.0.0:GHC.Base’
instance Read () -- Defined in ‘GHC.Read’
instance Bounded () -- Defined in ‘GHC.Enum’
instance Enum () -- Defined in ‘GHC.Enum’
instance Ord () -- Defined in ‘GHC.Classes’
instance Show () -- Defined in ‘GHC.Show’
instance Eq () -- Defined in ‘GHC.Classes’
type (,) :: * -> * -> *
data (,) a b = (,) a b
  	-- Defined in ‘GHC.Tuple.Prim’
instance Traversable ((,) a) -- Defined in ‘Data.Traversable’
instance (Monoid a, Monoid b) => Monoid (a, b)
  -- Defined in ‘ghc-base-4.18.0.0:GHC.Base’
instance (Semigroup a, Semigroup b) => Semigroup (a, b)
  -- Defined in ‘ghc-base-4.18.0.0:GHC.Base’
instance Foldable ((,) a) -- Defined in ‘Data.Foldable’
instance (Bounded a, Bounded b) => Bounded (a, b)
  -- Defined in ‘GHC.Enum’
instance (Read a, Read b) => Read (a, b) -- Defined in ‘GHC.Read’
instance (Eq a, Eq b) => Eq (a, b) -- Defined in ‘GHC.Classes’
instance (Ord a, Ord b) => Ord (a, b) -- Defined in ‘GHC.Classes’
instance (Show a, Show b) => Show (a, b) -- Defined in ‘GHC.Show’
instance Monoid a => Applicative ((,) a)
  -- Defined in ‘ghc-base-4.18.0.0:GHC.Base’
instance Functor ((,) a) -- Defined in ‘ghc-base-4.18.0.0:GHC.Base’
instance Monoid a => Monad ((,) a)
  -- Defined in ‘ghc-base-4.18.0.0:GHC.Base’
