($!) :: (a -> b) -> a -> b
  	-- Defined in ‘ghc-base-4.18.0.0:GHC.Base’
infixr 0 $!
