
SafeFlags17.hs:5:8: error: [GHC-75165]
    Prelude: Can't be safely imported!
    The package (ghc-base-4.18.0.0) the module resides in isn't trusted.
