TYPE CONSTRUCTORS
  class C{2} :: forall {k}. k -> Constraint
  associated type family T{4} ::
    forall k (f :: k -> *) (a :: k). f a -> *
    roles nominal nominal nominal nominal
Dependent modules: []
Dependent packages: [ghc-base-4.18.0.0]
