
<no location info>: error: [GHC-08674]
    The package (bytestring-0.11.4.0) is required to be trusted but it isn't!

<no location info>: error: [GHC-08674]
    The package (ghc-base-4.18.0.0) is required to be trusted but it isn't!
