A1
A
addDependentFile "/opt/exp/ghc/ghc-landing/_build/stage1/lib/../lib/x86_64-linux-ghc-9.7.20230203/libHSghc-prim-0.10.0-ghc9.7.20230203.so" 7697186211290e063fa56cec58b05f98
addDependentFile "/opt/exp/ghc/ghc-landing/_build/stage1/lib/../lib/x86_64-linux-ghc-9.7.20230203/libHSghc-bignum-1.3-ghc9.7.20230203.so" 88312524dfff70dce749c39fb590eb84
addDependentFile "/opt/exp/ghc/ghc-landing/_build/stage1/lib/../lib/x86_64-linux-ghc-9.7.20230203/libHSghc-base-4.18.0.0-ghc9.7.20230203.so" e847d16347d4f7915d63033fd691f304
addDependentFile "/opt/exp/ghc/ghc-landing/_build/stage1/lib/../lib/x86_64-linux-ghc-9.7.20230203/libHSbase-4.18.0.0-ghc9.7.20230203.so" c1ee79eae1407a224e255121f46eaca5
addDependentFile "/opt/exp/ghc/ghc-landing/_build/stage1/lib/../lib/x86_64-linux-ghc-9.7.20230203/libHSghc-boot-th-9.7-ghc9.7.20230203.so" 14e2f9f9c8f74cbdb12fdb3276c4dddd
addDependentFile "/opt/exp/ghc/ghc-landing/_build/stage1/lib/../lib/x86_64-linux-ghc-9.7.20230203/libHSarray-0.5.4.0-ghc9.7.20230203.so" 05fb9c569bb8bfce37022e1e9c2663da
addDependentFile "/opt/exp/ghc/ghc-landing/_build/stage1/lib/../lib/x86_64-linux-ghc-9.7.20230203/libHSdeepseq-1.4.8.0-ghc9.7.20230203.so" 3b8b0f04efda9a4186efb761a6827a53
addDependentFile "/opt/exp/ghc/ghc-landing/_build/stage1/lib/../lib/x86_64-linux-ghc-9.7.20230203/libHSpretty-1.1.3.6-ghc9.7.20230203.so" af8403c69469ba737fbb63e1326cee21
addDependentFile "/opt/exp/ghc/ghc-landing/_build/stage1/lib/../lib/x86_64-linux-ghc-9.7.20230203/libHStemplate-haskell-2.20.0.0-ghc9.7.20230203.so" df5dd1788979c0a0b4b6ddb1243606bc
