
Check09.hs:5:1: error: [GHC-75165]
    Prelude: Can't be safely imported!
    The package (ghc-base-4.18.0.0) the module resides in isn't trusted.

Check09.hs:6:1: error: [GHC-75165]
    Data.ByteString.Char8: Can't be safely imported!
    The package (bytestring-0.11.4.0) the module resides in isn't trusted.
