
T10817.hs:9:3:
    Application is no smaller than the instance head
      in the type family application: F a
    (Use UndecidableInstances to permit this)
    In the class declaration for ‘C’
