
T10899.hs:7:3:
    Illegal polymorphic or qualified type: forall (m :: * -> *). m a
    In the class declaration for ‘C’
