Cannot set breakpoint on ‘Data.List.map’: Module ‘ghc-base:GHC.Base’ is not interpreted
Cannot set breakpoint on ‘Data.List.map’: Module ‘ghc-base:GHC.Base’ is not interpreted
