Breakpoint 0 activated at Test6.hs:5:8-11
Stopped in Main.main, Test6.hs:5:8-11
_result :: a = _
*** Exception: Prelude.head: empty list
CallStack (from HasCallStack):
  error, called at libraries/ghc-base/GHC/List.hs:1694:3 in ghc-base:GHC.List
  errorEmptyList, called at libraries/ghc-base/GHC/List.hs:87:11 in ghc-base:GHC.List
  badHead, called at libraries/ghc-base/GHC/List.hs:83:28 in ghc-base:GHC.List
  head, called at Test6.hs:1:8 in main:Main
