($) :: (a -> b) -> a -> b
(($)) :: (a -> b) -> a -> b
($) :: (a -> b) -> a -> b
  	-- Defined in ‘ghc-base-4.18.0.0:GHC.Base’
infixr 0 $
($)
  :: forall (r :: GHC.Types.RuntimeRep) a (b :: TYPE r).
     (a -> b) -> a -> b
(($))
  :: forall (r :: GHC.Types.RuntimeRep) a (b :: TYPE r).
     (a -> b) -> a -> b
($) ::
  forall (r :: GHC.Types.RuntimeRep) a (b :: TYPE r).
  (a -> b) -> a -> b
  	-- Defined in ‘ghc-base-4.18.0.0:GHC.Base’
infixr 0 $
