TYPE SIGNATURES
  addAndOr2 :: (Int, Bool) -> (Bool, Int) -> (Int, Bool)
Dependent modules: []
Dependent packages: [ghc-base-4.18.0.0]
