TYPE SIGNATURES
  alpha :: Integer
Dependent modules: []
Dependent packages: [ghc-base-4.18.0.0]
