TYPE SIGNATURES
  bravo :: forall {w}. Num w => w
Dependent modules: []
Dependent packages: [ghc-base-4.18.0.0]
