TYPE SIGNATURES
  barry :: forall {w}. w -> (Either String w, Either String w)
Dependent modules: []
Dependent packages: [ghc-base-4.18.0.0]
