TYPE SIGNATURES
  foo :: forall a. (a ~ Bool) => (a, Bool)
Dependent modules: []
Dependent packages: [ghc-base-4.18.0.0]
