TYPE SIGNATURES
  every :: forall {w}. (w -> Bool) -> [w] -> Bool
Dependent modules: []
Dependent packages: [ghc-base-4.18.0.0]
