TYPE SIGNATURES
  monoLoc :: forall a. a -> ((a, String), (a, String))
Dependent modules: []
Dependent packages: [ghc-base-4.18.0.0]
