TYPE CONSTRUCTORS
  type family F{1} :: * -> *
    roles nominal
COERCION AXIOMS
  axiom NamedWildcardInTypeFamilyInstanceLHS.D:R:F :: F _t = Int
Dependent modules: []
Dependent packages: [ghc-base-4.18.0.0]
