TYPE SIGNATURES
  foo :: forall b a. (a, b) -> (a, b)
Dependent modules: []
Dependent packages: [ghc-base-4.18.0.0]
