TYPE SIGNATURES
  foo :: forall {a}. a -> a
Dependent modules: []
Dependent packages: [ghc-base-4.18.0.0]
