TYPE SIGNATURES
  f :: Bool
  g :: Bool
  orr :: forall a. a -> a -> a
Dependent modules: []
Dependent packages: [ghc-base-4.18.0.0]
