TYPE SIGNATURES
  foo :: Bool -> Char
Dependent modules: []
Dependent packages: [ghc-base-4.18.0.0]
