TYPE SIGNATURES
  test3 :: Bool -> Bool
Dependent modules: []
Dependent packages: [ghc-base-4.18.0.0]
