TYPE SIGNATURES
  showTwo :: forall {a}. Show a => a -> String
Dependent modules: []
Dependent packages: [ghc-base-4.18.0.0]
