TYPE SIGNATURES
  bar :: forall {w}. w -> Bool
Dependent modules: []
Dependent packages: [ghc-base-4.18.0.0]
