TYPE SIGNATURES
  skipMany ::
    forall {tok} {st} {a}. GenParser tok st a -> GenParser tok st ()
  skipMany' ::
    forall tok st a. GenParser tok st a -> GenParser tok st ()
TYPE CONSTRUCTORS
  data type GenParser{3} :: * -> * -> * -> *
DATA CONSTRUCTORS
  GenParser :: forall tok st a. tok -> st -> a -> GenParser tok st a
Dependent modules: []
Dependent packages: [ghc-base-4.18.0.0]
