TYPE SIGNATURES
  unc :: forall {w1} {w2} {w3}. (w1 -> w2 -> w3) -> (w1, w2) -> w3
Dependent modules: []
Dependent packages: [ghc-base-4.18.0.0]
