{"span":null,"doc":"TYPE SIGNATURES\n  foo :: forall a. a -> a\nDependent modules: []\nDependent packages: [ghc-base-4.18.0.0]","messageClass":"MCOutput"}
