
<no location info>: warning: [GHC-42258] [-Wunused-packages]
    The following packages were specified via -package or -package-id flags,
    but were not needed for compilation:
      - base-4.18.0.0 (exposed by flag -package base)
      - bytestring-0.11.4.0 (exposed by flag -package bytestring)
      - ghc-9.7 (exposed by flag -package ghc)
      - process-1.6.16.0 (exposed by flag -package process)
[1 of 2] Compiling Main             ( UnusedPackages.hs, UnusedPackages.o )
[2 of 2] Linking UnusedPackages
