TYPE SIGNATURES
  f :: Int -> ()
  m :: forall a. C a => a -> ()
TYPE CONSTRUCTORS
  class C{1} :: * -> Constraint
COERCION AXIOMS
  axiom T12763.N:C :: C a = a -> ()
CLASS INSTANCES
  instance C Int -- Defined at T12763.hs:9:10
Dependent modules: []
Dependent packages: [ghc-base-4.18.0.0]
