[1 of 2] Processing p
  [1 of 1] Compiling ShouldFail[sig]  ( p/ShouldFail.hsig, nothing )
[2 of 2] Processing q
  Instantiating q
  [1 of 1] Including p[ShouldFail=base-4.18.0.0:Prelude]
    Instantiating p[ShouldFail=base-4.18.0.0:Prelude]
    [1 of 1] Compiling ShouldFail[sig]  ( p/ShouldFail.hsig, bkpfail17.out/p/p-GaONDR5fVXGGHs8ujvcsON/ShouldFail.o )

<no location info>: error:
    Failed to load interface for ‘Prelude’
There are files missing in the ‘base-4.18.0.0’ package,
try running 'ghc-pkg check'.
Use -v (or `:set -v` in ghci) to see a list of the files searched for.
