[1 of 2] Processing p
  [1 of 1] Compiling ShouldFail[sig]  ( p/ShouldFail.hsig, nothing )
[2 of 2] Processing q
  Instantiating q
  [1 of 1] Including p[ShouldFail=base-4.18.0.0:Data.STRef]
    Instantiating p[ShouldFail=base-4.18.0.0:Data.STRef]
    [1 of 1] Compiling ShouldFail[sig]  ( p/ShouldFail.hsig, bkpfail19.out/p/p-6MA5x4zUd6x4e6gXQxkP9A/ShouldFail.o )

<no location info>: error:
    Failed to load interface for ‘Data.STRef’
There are files missing in the ‘base-4.18.0.0’ package,
try running 'ghc-pkg check'.
Use -v (or `:set -v` in ghci) to see a list of the files searched for.
