TYPE CONSTRUCTORS
  class C{1} :: * -> Constraint
  associated type family F{2} :: forall a. Maybe a -> *
    roles nominal nominal
Dependent modules: []
Dependent packages: [ghc-base-4.18.0.0]
