TYPE CONSTRUCTORS
  data family DF{3} :: forall k. * -> k -> *
    roles nominal nominal nominal
COERCION AXIOMS
  axiom T15852.D:R:DFProxyProxy0 ::
    forall k1 k2 (c :: k1) (j :: k2).
      DF (Proxy c) = T15852.R:DFProxyProxy k1 k2 c j
FAMILY INSTANCES
  data instance forall {k1} {k2} {c :: k1} {j :: k2}.
                  DF (Proxy c) -- Defined at T15852.hs:10:15
Dependent modules: []
Dependent packages: [ghc-base-4.18.0.0]
