type (->) :: * -> * -> *
type (->) = FUN Many :: * -> * -> *
  	-- Defined in ‘GHC.Types’
infixr -1 ->
instance Monoid b => Monoid (a -> b)
  -- Defined in ‘ghc-base-4.18.0.0:GHC.Base’
instance Semigroup b => Semigroup (a -> b)
  -- Defined in ‘ghc-base-4.18.0.0:GHC.Base’
instance Applicative ((->) r)
  -- Defined in ‘ghc-base-4.18.0.0:GHC.Base’
instance Functor ((->) r)
  -- Defined in ‘ghc-base-4.18.0.0:GHC.Base’
instance Monad ((->) r) -- Defined in ‘ghc-base-4.18.0.0:GHC.Base’
type Constraint :: *
type Constraint = CONSTRAINT LiftedRep
  	-- Defined in ‘GHC.Types’
type Type :: *
type Type = TYPE LiftedRep
  	-- Defined in ‘GHC.Types’
type Type :: Type
type Type = TYPE LiftedRep
  	-- Defined in ‘GHC.Types’
